// Jest Snapshot v1, https://goo.gl/fbAQLP

exports[`<AdminLandingView /> should render without crashing 1`] = `ShallowWrapper {}`;
