// Jest Snapshot v1, https://goo.gl/fbAQLP

exports[`<AdminLanding /> should render without crashing 1`] = `ShallowWrapper {}`;
