// Jest Snapshot v1, https://goo.gl/fbAQLP

exports[`<LandingPage /> should render without crashing 1`] = `ShallowWrapper {}`;
