// Jest Snapshot v1, https://goo.gl/fbAQLP

exports[`<RegisterUser /> should render without crashing 1`] = `ShallowWrapper {}`;
